  │ fast profile → fastest (path:g16 compile:0 fastest)
━━━ "AmmoLang boundary — hang guard · freeze assist · anything" ━━━
  │ AmmoLang universal boundary — resolve target · execute · change awareness
  │ 📣 AML_BOUNDARY START
  ✓ hostess7-change-awareness scan… → PASS
  ✓ field-ammolang-boundary resolve… → PASS
  ✓ field-ammolang-boundary run… → PASS
  ✓ hostess7-change-awareness pulse… → PASS
  │ assist · freeze · 0 risky · 0 events
  │ AmmoLang boundary complete — inspect ammolang-boundary-panel.json
  │ 📣 AML_BOUNDARY COMPLETE
  ✓ build complete · PASS · 16235ms
  │ fast profile → fastest (path:g16 compile:0 fastest)
━━━ "AmmoLang boundary — hang guard · freeze assist · anything" ━━━
  │ AmmoLang universal boundary — resolve target · execute · change awareness
  │ 📣 AML_BOUNDARY START
  ✓ hostess7-change-awareness scan… → PASS
  ✓ field-ammolang-boundary resolve… → PASS
  ✓ field-ammolang-boundary run… → PASS
  ✓ hostess7-change-awareness pulse… → PASS
  │ assist · freeze · 0 risky · 0 events
  │ AmmoLang boundary complete — inspect ammolang-boundary-panel.json
  │ 📣 AML_BOUNDARY COMPLETE
  ✓ build complete · PASS · 14845ms
